AUTH HEADER: Bearer eyJ0eXAiOiJKV1QiLCJhbGciOiJIUzI1NiJ9.eyJ1c2VyX2lkIjoxLCJlbWFpbCI6ImhvbGFAZ21haWwuY29tIiwicm9sZXMiOlsiUk9MRV9VU0VSIl0sImV4cCI6MTc2NDg1MjQ4N30.52ecTkwpsDapW4TUSCMwlVV_aGawhrTa69SVqW_SHX0
DECODE ERROR: Expired token
AUTH HEADER: Bearer eyJ0eXAiOiJKV1QiLCJhbGciOiJIUzI1NiJ9.eyJ1c2VyX2lkIjoxLCJlbWFpbCI6ImhvbGFAZ21haWwuY29tIiwicm9sZXMiOlsiUk9MRV9VU0VSIl0sImV4cCI6MTc2NDg1MjQ4N30.52ecTkwpsDapW4TUSCMwlVV_aGawhrTa69SVqW_SHX0
DECODE ERROR: Expired token
AUTH HEADER: Bearer eyJ0eXAiOiJKV1QiLCJhbGciOiJIUzI1NiJ9.eyJ1c2VyX2lkIjoxLCJlbWFpbCI6ImhvbGFAZ21haWwuY29tIiwicm9sZXMiOlsiUk9MRV9VU0VSIl0sImV4cCI6MTc2NDg1MjQ4N30.52ecTkwpsDapW4TUSCMwlVV_aGawhrTa69SVqW_SHX0
DECODE ERROR: Expired token
AUTH HEADER: Bearer eyJ0eXAiOiJKV1QiLCJhbGciOiJIUzI1NiJ9.eyJ1c2VyX2lkIjoxLCJlbWFpbCI6ImhvbGFAZ21haWwuY29tIiwicm9sZXMiOlsiUk9MRV9VU0VSIl0sImV4cCI6MTc2NDg1MjQ4N30.52ecTkwpsDapW4TUSCMwlVV_aGawhrTa69SVqW_SHX0
DECODE ERROR: Expired token
AUTH HEADER: Bearer eyJ0eXAiOiJKV1QiLCJhbGciOiJIUzI1NiJ9.eyJ1c2VyX2lkIjoxLCJlbWFpbCI6ImhvbGFAZ21haWwuY29tIiwicm9sZXMiOlsiUk9MRV9VU0VSIl0sImV4cCI6MTc2NDg1MjQ4N30.52ecTkwpsDapW4TUSCMwlVV_aGawhrTa69SVqW_SHX0
DECODE ERROR: Expired token
AUTH HEADER: Bearer eyJ0eXAiOiJKV1QiLCJhbGciOiJIUzI1NiJ9.eyJ1c2VyX2lkIjo0LCJlbWFpbCI6InNwaWRlckBnbWFpbC5jb20iLCJyb2xlcyI6WyJST0xFX1VTRVIiXSwiZXhwIjoxNzY0OTQwMTQ5fQ.NB9cncI9brnzUwG-eMDRzl79mTx64OLKo92a_pmZ-FU
DECODE ERROR: Signature verification failed
AUTH HEADER: Bearer eyJ0eXAiOiJKV1QiLCJhbGciOiJIUzI1NiJ9.eyJ1c2VyX2lkIjo0LCJlbWFpbCI6InNwaWRlckBnbWFpbC5jb20iLCJyb2xlcyI6WyJST0xFX1VTRVIiXSwiZXhwIjoxNzY0OTQwMTQ5fQ.NB9cncI9brnzUwG-eMDRzl79mTx64OLKo92a_pmZ-FU
DECODE ERROR: Signature verification failed
AUTH HEADER: Bearer eyJ0eXAiOiJKV1QiLCJhbGciOiJIUzI1NiJ9.eyJ1c2VyX2lkIjo0LCJlbWFpbCI6InNwaWRlckBnbWFpbC5jb20iLCJyb2xlcyI6WyJST0xFX1VTRVIiXSwiZXhwIjoxNzY0OTQwMTQ5fQ.NB9cncI9brnzUwG-eMDRzl79mTx64OLKo92a_pmZ-FU
DECODE ERROR: Signature verification failed
AUTH HEADER: Bearer eyJ0eXAiOiJKV1QiLCJhbGciOiJIUzI1NiJ9.eyJ1c2VyX2lkIjo0LCJlbWFpbCI6InNwaWRlckBnbWFpbC5jb20iLCJyb2xlcyI6WyJST0xFX1VTRVIiXSwiZXhwIjoxNzY0OTQwMTQ5fQ.NB9cncI9brnzUwG-eMDRzl79mTx64OLKo92a_pmZ-FU
DECODE ERROR: Signature verification failed
AUTH HEADER: Bearer eyJ0eXAiOiJKV1QiLCJhbGciOiJIUzI1NiJ9.eyJ1c2VyX2lkIjo0LCJlbWFpbCI6InNwaWRlckBnbWFpbC5jb20iLCJyb2xlcyI6WyJST0xFX1VTRVIiXSwiZXhwIjoxNzY0OTQwMTQ5fQ.NB9cncI9brnzUwG-eMDRzl79mTx64OLKo92a_pmZ-FU
DECODE ERROR: Signature verification failed
AUTH HEADER: Bearer eyJ0eXAiOiJKV1QiLCJhbGciOiJIUzI1NiJ9.eyJ1c2VyX2lkIjoxLCJlbWFpbCI6ImhvbGFAZ21haWwuY29tIiwicm9sZXMiOlsiUk9MRV9VU0VSIl0sImV4cCI6MTc2NTI3MDU1NH0.dJTlMNEDxEVNL2SEIPCbKv9B2EF77L39H3UtKxugemc
DECODE ERROR: Signature verification failed
AUTH HEADER: Bearer eyJ0eXAiOiJKV1QiLCJhbGciOiJIUzI1NiJ9.eyJ1c2VyX2lkIjoxLCJlbWFpbCI6ImhvbGFAZ21haWwuY29tIiwicm9sZXMiOlsiUk9MRV9VU0VSIl0sImV4cCI6MTc2NTI3MDU1NH0.dJTlMNEDxEVNL2SEIPCbKv9B2EF77L39H3UtKxugemc
DECODE ERROR: Signature verification failed
AUTH HEADER: Bearer eyJ0eXAiOiJKV1QiLCJhbGciOiJIUzI1NiJ9.eyJ1c2VyX2lkIjoxLCJlbWFpbCI6ImhvbGFAZ21haWwuY29tIiwicm9sZXMiOlsiUk9MRV9VU0VSIl0sImV4cCI6MTc2NTI3MDY5M30.OPlZbTqg5fpvOmBAj0PBct6NBuIQGKCp2Y_uqXJTj3Y
DECODE ERROR: Signature verification failed
AUTH HEADER: Bearer eyJ0eXAiOiJKV1QiLCJhbGciOiJIUzI1NiJ9.eyJ1c2VyX2lkIjoxLCJlbWFpbCI6ImhvbGFAZ21haWwuY29tIiwicm9sZXMiOlsiUk9MRV9VU0VSIl0sImV4cCI6MTc2NTI3MDY5M30.OPlZbTqg5fpvOmBAj0PBct6NBuIQGKCp2Y_uqXJTj3Y
DECODE ERROR: Signature verification failed
AUTH HEADER: Bearer eyJ0eXAiOiJKV1QiLCJhbGciOiJIUzI1NiJ9.eyJ1c2VyX2lkIjoxLCJlbWFpbCI6ImhvbGFAZ21haWwuY29tIiwicm9sZXMiOlsiUk9MRV9VU0VSIl0sImV4cCI6MTc2NTI3MDY5M30.OPlZbTqg5fpvOmBAj0PBct6NBuIQGKCp2Y_uqXJTj3Y
DECODE ERROR: Signature verification failed
AUTH HEADER: Bearer eyJ0eXAiOiJKV1QiLCJhbGciOiJIUzI1NiJ9.eyJ1c2VyX2lkIjoxLCJlbWFpbCI6ImhvbGFAZ21haWwuY29tIiwicm9sZXMiOlsiUk9MRV9VU0VSIl0sImV4cCI6MTc2NTI3MTI5OX0._CeOJIA_lt5udzGhOi5qx7VcQAdljW3nRAVKzOGmKNE
DECODE OK. EMAIL: hola@gmail.com
AUTH HEADER: Bearer eyJ0eXAiOiJKV1QiLCJhbGciOiJIUzI1NiJ9.eyJ1c2VyX2lkIjoxLCJlbWFpbCI6ImhvbGFAZ21haWwuY29tIiwicm9sZXMiOlsiUk9MRV9VU0VSIl0sImV4cCI6MTc2NTI3MTI5OX0._CeOJIA_lt5udzGhOi5qx7VcQAdljW3nRAVKzOGmKNE
DECODE OK. EMAIL: hola@gmail.com
AUTH HEADER: Bearer eyJ0eXAiOiJKV1QiLCJhbGciOiJIUzI1NiJ9.eyJ1c2VyX2lkIjoxLCJlbWFpbCI6ImhvbGFAZ21haWwuY29tIiwicm9sZXMiOlsiUk9MRV9VU0VSIl0sImV4cCI6MTc2NTI3MTMxMH0.QEoe81jYVU3poZ1oeV35vFUNBCBxoOHeNfTR-bW4BKk
DECODE OK. EMAIL: hola@gmail.com
AUTH HEADER: Bearer eyJ0eXAiOiJKV1QiLCJhbGciOiJIUzI1NiJ9.eyJ1c2VyX2lkIjoxLCJlbWFpbCI6ImhvbGFAZ21haWwuY29tIiwicm9sZXMiOlsiUk9MRV9VU0VSIl0sImV4cCI6MTc2NTI3MTMxN30.K47HczFKlJXIN1z14RDBHGKFzBxaGy2M_SBQDWXZkpw
DECODE OK. EMAIL: hola@gmail.com
AUTH HEADER: Bearer eyJ0eXAiOiJKV1QiLCJhbGciOiJIUzI1NiJ9.eyJ1c2VyX2lkIjoxLCJlbWFpbCI6ImhvbGFAZ21haWwuY29tIiwicm9sZXMiOlsiUk9MRV9VU0VSIl0sImV4cCI6MTc2NTI3MTM0NH0.QI9PZQdp-1oEi2MKPWm92Y7VVMfRfsZj_ULELAJeiXg
DECODE OK. EMAIL: hola@gmail.com
AUTH HEADER: Bearer eyJ0eXAiOiJKV1QiLCJhbGciOiJIUzI1NiJ9.eyJ1c2VyX2lkIjoxLCJlbWFpbCI6ImhvbGFAZ21haWwuY29tIiwicm9sZXMiOlsiUk9MRV9VU0VSIl0sImV4cCI6MTc2NTI3MTM0NH0.QI9PZQdp-1oEi2MKPWm92Y7VVMfRfsZj_ULELAJeiXg
DECODE OK. EMAIL: hola@gmail.com
AUTH HEADER: Bearer eyJ0eXAiOiJKV1QiLCJhbGciOiJIUzI1NiJ9.eyJ1c2VyX2lkIjoxLCJlbWFpbCI6ImhvbGFAZ21haWwuY29tIiwicm9sZXMiOlsiUk9MRV9VU0VSIl0sImV4cCI6MTc2NTI3MTM0NH0.QI9PZQdp-1oEi2MKPWm92Y7VVMfRfsZj_ULELAJeiXg
DECODE OK. EMAIL: hola@gmail.com
AUTH HEADER: Bearer eyJ0eXAiOiJKV1QiLCJhbGciOiJIUzI1NiJ9.eyJ1c2VyX2lkIjoxLCJlbWFpbCI6ImhvbGFAZ21haWwuY29tIiwicm9sZXMiOlsiUk9MRV9VU0VSIl0sImV4cCI6MTc2NTI3MTM0NH0.QI9PZQdp-1oEi2MKPWm92Y7VVMfRfsZj_ULELAJeiXg
DECODE OK. EMAIL: hola@gmail.com
AUTH HEADER: Bearer eyJ0eXAiOiJKV1QiLCJhbGciOiJIUzI1NiJ9.eyJ1c2VyX2lkIjoxLCJlbWFpbCI6ImhvbGFAZ21haWwuY29tIiwicm9sZXMiOlsiUk9MRV9VU0VSIl0sImV4cCI6MTc2NTI3MTM0NH0.QI9PZQdp-1oEi2MKPWm92Y7VVMfRfsZj_ULELAJeiXg
DECODE OK. EMAIL: hola@gmail.com
AUTH HEADER: Bearer eyJ0eXAiOiJKV1QiLCJhbGciOiJIUzI1NiJ9.eyJ1c2VyX2lkIjoxLCJlbWFpbCI6ImhvbGFAZ21haWwuY29tIiwicm9sZXMiOlsiUk9MRV9VU0VSIl0sImV4cCI6MTc2NTI3MTM0NH0.QI9PZQdp-1oEi2MKPWm92Y7VVMfRfsZj_ULELAJeiXg
DECODE OK. EMAIL: hola@gmail.com
AUTH HEADER: Bearer eyJ0eXAiOiJKV1QiLCJhbGciOiJIUzI1NiJ9.eyJ1c2VyX2lkIjoxLCJlbWFpbCI6ImhvbGFAZ21haWwuY29tIiwicm9sZXMiOlsiUk9MRV9VU0VSIl0sImV4cCI6MTc2NTI3MTM0NH0.QI9PZQdp-1oEi2MKPWm92Y7VVMfRfsZj_ULELAJeiXg
DECODE OK. EMAIL: hola@gmail.com
AUTH HEADER: Bearer eyJ0eXAiOiJKV1QiLCJhbGciOiJIUzI1NiJ9.eyJ1c2VyX2lkIjoxLCJlbWFpbCI6ImhvbGFAZ21haWwuY29tIiwicm9sZXMiOlsiUk9MRV9VU0VSIl0sImV4cCI6MTc2NTI3MTM0NH0.QI9PZQdp-1oEi2MKPWm92Y7VVMfRfsZj_ULELAJeiXg
DECODE OK. EMAIL: hola@gmail.com
AUTH HEADER: Bearer eyJ0eXAiOiJKV1QiLCJhbGciOiJIUzI1NiJ9.eyJ1c2VyX2lkIjoxLCJlbWFpbCI6ImhvbGFAZ21haWwuY29tIiwicm9sZXMiOlsiUk9MRV9VU0VSIl0sImV4cCI6MTc2NTI3MTM0NH0.QI9PZQdp-1oEi2MKPWm92Y7VVMfRfsZj_ULELAJeiXg
DECODE OK. EMAIL: hola@gmail.com
AUTH HEADER: Bearer eyJ0eXAiOiJKV1QiLCJhbGciOiJIUzI1NiJ9.eyJ1c2VyX2lkIjoxLCJlbWFpbCI6ImhvbGFAZ21haWwuY29tIiwicm9sZXMiOlsiUk9MRV9VU0VSIl0sImV4cCI6MTc2NTI3MTM0NH0.QI9PZQdp-1oEi2MKPWm92Y7VVMfRfsZj_ULELAJeiXg
DECODE OK. EMAIL: hola@gmail.com
AUTH HEADER: Bearer eyJ0eXAiOiJKV1QiLCJhbGciOiJIUzI1NiJ9.eyJ1c2VyX2lkIjoxLCJlbWFpbCI6ImhvbGFAZ21haWwuY29tIiwicm9sZXMiOlsiUk9MRV9VU0VSIl0sImV4cCI6MTc2NTI3MTM0NH0.QI9PZQdp-1oEi2MKPWm92Y7VVMfRfsZj_ULELAJeiXg
DECODE OK. EMAIL: hola@gmail.com
AUTH HEADER: Bearer eyJ0eXAiOiJKV1QiLCJhbGciOiJIUzI1NiJ9.eyJ1c2VyX2lkIjoxLCJlbWFpbCI6ImhvbGFAZ21haWwuY29tIiwicm9sZXMiOlsiUk9MRV9VU0VSIl0sImV4cCI6MTc2NTI3MTM0NH0.QI9PZQdp-1oEi2MKPWm92Y7VVMfRfsZj_ULELAJeiXg
DECODE OK. EMAIL: hola@gmail.com
AUTH HEADER: Bearer eyJ0eXAiOiJKV1QiLCJhbGciOiJIUzI1NiJ9.eyJ1c2VyX2lkIjoxLCJlbWFpbCI6ImhvbGFAZ21haWwuY29tIiwicm9sZXMiOlsiUk9MRV9VU0VSIl0sImV4cCI6MTc2NTI3MTM0NH0.QI9PZQdp-1oEi2MKPWm92Y7VVMfRfsZj_ULELAJeiXg
DECODE OK. EMAIL: hola@gmail.com
AUTH HEADER: Bearer eyJ0eXAiOiJKV1QiLCJhbGciOiJIUzI1NiJ9.eyJ1c2VyX2lkIjoxLCJlbWFpbCI6ImhvbGFAZ21haWwuY29tIiwicm9sZXMiOlsiUk9MRV9VU0VSIl0sImV4cCI6MTc2NTI3MTM0NH0.QI9PZQdp-1oEi2MKPWm92Y7VVMfRfsZj_ULELAJeiXg
DECODE OK. EMAIL: hola@gmail.com
AUTH HEADER: Bearer eyJ0eXAiOiJKV1QiLCJhbGciOiJIUzI1NiJ9.eyJ1c2VyX2lkIjoxLCJlbWFpbCI6ImhvbGFAZ21haWwuY29tIiwicm9sZXMiOlsiUk9MRV9VU0VSIl0sImV4cCI6MTc2NTI3MTM0NH0.QI9PZQdp-1oEi2MKPWm92Y7VVMfRfsZj_ULELAJeiXg
DECODE OK. EMAIL: hola@gmail.com
AUTH HEADER: Bearer eyJ0eXAiOiJKV1QiLCJhbGciOiJIUzI1NiJ9.eyJ1c2VyX2lkIjoxLCJlbWFpbCI6ImhvbGFAZ21haWwuY29tIiwicm9sZXMiOlsiUk9MRV9VU0VSIl0sImV4cCI6MTc2NTI3MTM0NH0.QI9PZQdp-1oEi2MKPWm92Y7VVMfRfsZj_ULELAJeiXg
DECODE OK. EMAIL: hola@gmail.com
AUTH HEADER: Bearer eyJ0eXAiOiJKV1QiLCJhbGciOiJIUzI1NiJ9.eyJ1c2VyX2lkIjoxLCJlbWFpbCI6ImhvbGFAZ21haWwuY29tIiwicm9sZXMiOlsiUk9MRV9VU0VSIl0sImV4cCI6MTc2NTI3MTM0NH0.QI9PZQdp-1oEi2MKPWm92Y7VVMfRfsZj_ULELAJeiXg
DECODE OK. EMAIL: hola@gmail.com
AUTH HEADER: Bearer eyJ0eXAiOiJKV1QiLCJhbGciOiJIUzI1NiJ9.eyJ1c2VyX2lkIjoxLCJlbWFpbCI6ImhvbGFAZ21haWwuY29tIiwicm9sZXMiOlsiUk9MRV9VU0VSIl0sImV4cCI6MTc2NTI3MTM0NH0.QI9PZQdp-1oEi2MKPWm92Y7VVMfRfsZj_ULELAJeiXg
DECODE OK. EMAIL: hola@gmail.com
AUTH HEADER: Bearer eyJ0eXAiOiJKV1QiLCJhbGciOiJIUzI1NiJ9.eyJ1c2VyX2lkIjoxLCJlbWFpbCI6ImhvbGFAZ21haWwuY29tIiwicm9sZXMiOlsiUk9MRV9VU0VSIl0sImV4cCI6MTc2NTI3MTM0NH0.QI9PZQdp-1oEi2MKPWm92Y7VVMfRfsZj_ULELAJeiXg
DECODE OK. EMAIL: hola@gmail.com
AUTH HEADER: Bearer eyJ0eXAiOiJKV1QiLCJhbGciOiJIUzI1NiJ9.eyJ1c2VyX2lkIjoxLCJlbWFpbCI6ImhvbGFAZ21haWwuY29tIiwicm9sZXMiOlsiUk9MRV9VU0VSIl0sImV4cCI6MTc2NTI3MTM0NH0.QI9PZQdp-1oEi2MKPWm92Y7VVMfRfsZj_ULELAJeiXg
DECODE OK. EMAIL: hola@gmail.com
